
> app@0.1.0 build
> next build

node.exe : ΓÜá 
Warning: Next.js 
inferred your 
workspace root, but it 
may not be correct.
At line:1 char:1
+ & "C:\Program 
Files\nodejs/node.exe" 
"C:\Program 
Files\nodejs/node_mo 
...
+ ~~~~~~~~~~~~~~~~~~~~~
~~~~~~~~~~~~~~~~~~~~~~~
~~~~~~~~~~~~~~~~~~~~~~~
~~
    + CategoryInfo     
         : NotSpecifi  
  ed: (ΓÜá Warning:    
 Ne...not be correc    
t.:String) [], Rem    
oteException
    + FullyQualifiedEr 
   rorId : NativeComm  
  andError
 
 We detected multiple 
lockfiles and selected 
the directory of C:\Use
rs\Max\Downloads\Truck-
Business-web-\package-l
ock.json as the root 
directory.
 To silence this 
warning, set 
`turbopack.root` in 
your Next.js config, 
or consider removing 
one of the lockfiles 
if it's not needed.
   See https://nextjs.o
rg/docs/app/api-referen
ce/config/next-config-j
s/turbopack#root-direct
ory for more 
information.
 Detected additional 
lockfiles: 
   * C:\Users\Max\Downl
oads\Truck-Business-web
-\app\package-lock.json

Γû▓ Next.js 16.1.6 (Turbopack)

ΓÜá The "middleware" 
file convention is 
deprecated. Please use 
"proxy" instead. Learn 
more: https://nextjs.or
g/docs/messages/middlew
are-to-proxy
  Creating an optimized production build ...

> Build error occurred
Error: Turbopack build 
failed with 1 errors:
./app/app/about/page.ts
x:2:1
Ecmascript file had an 
error
[0m [90m 1 |[39m 
[36mimport[39m type 
{ [33mMetadata[39m } 
[36mfrom[39m [32m'ne
xt'[39m[33m;[39m
[31m[1m>[22m[39m[9
0m 2 |[39m [32m'use 
client'[39m[33m;[39m
 [90m   |[39m [31m[
1m^[22m[39m[31m[1m^
[22m[39m[31m[1m^[2
2m[39m[31m[1m^[22m
[39m[31m[1m^[22m[39
m[31m[1m^[22m[39m[
31m[1m^[22m[39m[31m
[1m^[22m[39m[31m[1
m^[22m[39m[31m[1m^
[22m[39m[31m[1m^[22
m[39m[31m[1m^[22m[
39m[31m[1m^[22m[39m
 [90m 3 |[39m
 [90m 4 |[39m 
[36mimport[39m 
[33mLink[39m 
[36mfrom[39m [32m'ne
xt/link'[39m[33m;[39
m
 [90m 5 |[39m 
[36mimport[39m 
formbricks 
[36mfrom[39m [32m'@f
ormbricks/js'[39m[33m
;[39m[0m

The "use client" 
directive must be 
placed before other 
expressions. Move it 
to the top of the file 
to resolve this issue.


    at <unknown> (./app
/app/about/page.tsx:2:1
)
