
> app@0.1.0 build
> next build

node.exe : ΓÜá Warning: Next.js 
inferred your workspace root, but it 
may not be correct.
At line:1 char:1
+ & "C:\Program 
Files\nodejs/node.exe" "C:\Program 
Files\nodejs/node_mo ...
+ ~~~~~~~~~~~~~~~~~~~~~~~~~~~~~~~~~~~~
~~~~~~~~~~~~~~~~~~~~~~~~~~~~~~~~~
    + CategoryInfo          : NotSpec 
   ified: (ΓÜá Warning: Ne...not be   
  correct.:String) [], RemoteExcept   
 ion
    + FullyQualifiedErrorId : NativeC 
   ommandError
 
 We detected multiple lockfiles and 
selected the directory of 
C:\Users\itsme\package-lock.json as 
the root directory.
 To silence this warning, set 
`turbopack.root` in your Next.js 
config, or consider removing one of 
the lockfiles if it's not needed.
   See https://nextjs.org/docs/app/api
-reference/config/next-config-js/turbo
pack#root-directory for more 
information.
 Detected additional lockfiles: 
   * C:\Users\itsme\OneDrive\Documents
\Truck Business Application 
Project\app\package-lock.json

Γû▓ Next.js 16.1.6 (Turbopack)

ΓÜá The "middleware" file convention 
is deprecated. Please use "proxy" 
instead. Learn more: https://nextjs.or
g/docs/messages/middleware-to-proxy
  Creating an optimized production build ...
Γ£ô Compiled successfully in 3.6s
  Running TypeScript ...
  Collecting page data using 15 workers ...
  Generating static pages using 15 workers (0/12) ...
  Generating static pages using 15 workers (3/12) 
  Generating static pages using 15 workers (6/12) 
  Generating static pages using 15 workers (9/12) 
Γ£ô Generating static pages using 15 workers (12/12) in 827.7ms
  Finalizing page optimization ...

Route (app)
Γöî Γùï /
Γö£ Γùï /_not-found
Γö£ Γùï /about
Γö£ Γùï /admin
Γö£ ╞Æ /admin/applications
Γö£ ╞Æ /admin/applications/[id]
Γö£ Γùï /admin/login
Γö£ ╞Æ /api/admin/resume
Γö£ Γùï /apply
Γö£ Γùï /contact
Γöö Γùï /faq


╞Æ Proxy (Middleware)

Γùï  (Static)   prerendered as static content
╞Æ  (Dynamic)  server-rendered on demand

